============================= test session starts =============================
platform win32 -- Python 3.11.8, pytest-8.4.2, pluggy-1.6.0 -- D:\workshops\Hcaude\.venv\Scripts\python.exe
cachedir: .pytest_cache
rootdir: D:\workshops\Hcaude
configfile: pyproject.toml
testpaths: tests
plugins: anyio-4.11.0, asyncio-1.2.0
asyncio: mode=Mode.AUTO, debug=False, asyncio_default_fixture_loop_scope=None, asyncio_default_test_loop_scope=function
collecting ... collected 593 items

tests/test_autonomous.py::TestAgentModes::test_mode_values PASSED        [  0%]
tests/test_autonomous.py::TestAgentModes::test_risk_levels PASSED        [  0%]
tests/test_autonomous.py::TestAgentModes::test_mode_configs_exist PASSED [  0%]
tests/test_autonomous.py::TestAgentModes::test_interactive_mode_config PASSED [  0%]
tests/test_autonomous.py::TestAgentModes::test_auto_mode_config PASSED   [  0%]
tests/test_autonomous.py::TestAgentModes::test_plan_mode_config PASSED   [  1%]
tests/test_autonomous.py::TestAgentModes::test_review_mode_config PASSED [  1%]
tests/test_autonomous.py::TestSafetyConfig::test_dangerous_commands PASSED [  1%]
tests/test_autonomous.py::TestSafetyConfig::test_dangerous_patterns PASSED [  1%]
tests/test_autonomous.py::TestSafetyConfig::test_protected_files PASSED  [  1%]
tests/test_autonomous.py::TestSafetyConfig::test_protected_directories PASSED [  1%]
tests/test_autonomous.py::TestSafetyConfig::test_sensitive_paths PASSED  [  2%]
tests/test_autonomous.py::TestSafetyConfig::test_file_risk_assessment PASSED [  2%]
tests/test_autonomous.py::TestSafetyConfig::test_command_risk_assessment PASSED [  2%]
tests/test_autonomous.py::TestActionProposal::test_create_read_action PASSED [  2%]
tests/test_autonomous.py::TestActionProposal::test_create_edit_action PASSED [  2%]
tests/test_autonomous.py::TestActionProposal::test_create_bash_action PASSED [  2%]
tests/test_autonomous.py::TestActionProposal::test_action_risk_auto_assessment PASSED [  3%]
tests/test_autonomous.py::TestAutonomousEngine::test_initialization PASSED [  3%]
tests/test_autonomous.py::TestAutonomousEngine::test_mode_switching PASSED [  3%]
tests/test_autonomous.py::TestAutonomousEngine::test_is_auto_mode PASSED [  3%]
tests/test_autonomous.py::TestAutonomousEngine::test_decision_interactive_mode PASSED [  3%]
tests/test_autonomous.py::TestAutonomousEngine::test_decision_auto_mode PASSED [  3%]
tests/test_autonomous.py::TestAutonomousEngine::test_decision_plan_mode_before_approval PASSED [  4%]
tests/test_autonomous.py::TestAutonomousEngine::test_decision_plan_mode_after_approval PASSED [  4%]
tests/test_autonomous.py::TestAutonomousEngine::test_safety_check PASSED [  4%]
tests/test_autonomous.py::TestAutonomousEngine::test_plan_management PASSED [  4%]
tests/test_autonomous.py::TestAutonomousEngine::test_plan_display PASSED [  4%]
tests/test_autonomous.py::TestAutonomousEngine::test_statistics PASSED   [  4%]
tests/test_autonomous.py::TestAutonomousEngine::test_action_limit PASSED [  5%]
tests/test_autonomous.py::TestExecutionContext::test_context_initialization PASSED [  5%]
tests/test_autonomous.py::TestExecutionContext::test_context_tracking PASSED [  5%]
tests/test_autonomous.py::TestExecutionContext::test_context_reset PASSED [  5%]
tests/test_autonomous.py::TestConfirmationMessages::test_safe_action_message PASSED [  5%]
tests/test_autonomous.py::TestConfirmationMessages::test_dangerous_action_message PASSED [  5%]
tests/test_autonomous.py::TestConfirmationMessages::test_action_affects_display PASSED [  6%]
tests/test_autonomous.py::TestCallbacks::test_confirmation_callback PASSED [  6%]
tests/test_autonomous.py::TestCallbacks::test_progress_callback PASSED   [  6%]
tests/test_autonomous.py::TestIntegration::test_full_auto_execution_flow PASSED [  6%]
tests/test_autonomous.py::TestIntegration::test_plan_mode_flow PASSED    [  6%]
tests/test_bash_tools.py::TestBashShellManager::test_initialization PASSED [  6%]
tests/test_bash_tools.py::TestBashShellManager::test_list_shells_empty PASSED [  7%]
tests/test_bash_tools.py::TestBashShellManager::test_get_shell_not_found PASSED [  7%]
tests/test_bash_tools.py::TestBashShellManager::test_remove_shell_not_found PASSED [  7%]
tests/test_bash_tools.py::TestBashTool::test_initialization PASSED       [  7%]
tests/test_bash_tools.py::TestBashTool::test_get_parameters PASSED       [  7%]
tests/test_bash_tools.py::TestBashTool::test_execute_empty_command PASSED [  7%]
tests/test_bash_tools.py::TestBashTool::test_execute_simple_command PASSED [  8%]
tests/test_bash_tools.py::TestBashTool::test_execute_with_exit_code PASSED [  8%]
tests/test_bash_tools.py::TestBashTool::test_execute_failing_command PASSED [  8%]
tests/test_bash_tools.py::TestBashTool::test_execute_with_timeout PASSED [  8%]
tests/test_bash_tools.py::TestBashTool::test_execute_timeout_capped PASSED [  8%]
tests/test_bash_tools.py::TestBashTool::test_execute_in_working_directory PASSED [  8%]
tests/test_bash_tools.py::TestBashTool::test_execute_captures_stderr PASSED [  9%]
tests/test_bash_tools.py::TestBashTool::test_execute_background PASSED   [  9%]
tests/test_bash_tools.py::TestBashTool::test_metadata_includes_description PASSED [  9%]
tests/test_bash_tools.py::TestBashOutputTool::test_initialization PASSED [  9%]
tests/test_bash_tools.py::TestBashOutputTool::test_get_parameters PASSED [  9%]
tests/test_bash_tools.py::TestBashOutputTool::test_execute_missing_bash_id PASSED [  9%]
tests/test_bash_tools.py::TestBashOutputTool::test_execute_shell_not_found PASSED [ 10%]
tests/test_bash_tools.py::TestKillShellTool::test_initialization PASSED  [ 10%]
tests/test_bash_tools.py::TestKillShellTool::test_get_parameters PASSED  [ 10%]
tests/test_bash_tools.py::TestKillShellTool::test_execute_missing_shell_id PASSED [ 10%]
tests/test_bash_tools.py::TestKillShellTool::test_execute_shell_not_found PASSED [ 10%]
tests/test_bash_tools.py::TestLSTool::test_initialization PASSED         [ 10%]
tests/test_bash_tools.py::TestLSTool::test_get_parameters PASSED         [ 11%]
tests/test_bash_tools.py::TestLSTool::test_execute_missing_path PASSED   [ 11%]
tests/test_bash_tools.py::TestLSTool::test_execute_path_not_exists PASSED [ 11%]
tests/test_bash_tools.py::TestLSTool::test_execute_path_not_directory PASSED [ 11%]
tests/test_bash_tools.py::TestLSTool::test_execute_list_directory PASSED [ 11%]
tests/test_bash_tools.py::TestLSTool::test_execute_list_subdirectory PASSED [ 11%]
tests/test_bash_tools.py::TestLSTool::test_execute_with_ignore PASSED    [ 12%]
tests/test_bash_tools.py::TestLSTool::test_execute_metadata PASSED       [ 12%]
tests/test_bash_tools.py::TestBashToolIntegration::test_background_shell_workflow PASSED [ 12%]
tests/test_bash_tools.py::TestBashToolIntegration::test_command_chaining PASSED [ 12%]
tests/test_bash_tools.py::TestBashToolIntegration::test_command_with_pipes PASSED [ 12%]
tests/test_bash_tools.py::TestToolSchemas::test_bash_tool_openai_schema PASSED [ 12%]
tests/test_bash_tools.py::TestToolSchemas::test_bash_tool_anthropic_schema PASSED [ 13%]
tests/test_bash_tools.py::TestToolSchemas::test_ls_tool_schema PASSED    [ 13%]
tests/test_claude_code_display.py::TestToolDisplayModule::test_tool_display_import PASSED [ 13%]
tests/test_claude_code_display.py::TestToolDisplayModule::test_read_tool_display PASSED [ 13%]
tests/test_claude_code_display.py::TestToolDisplayModule::test_write_tool_display_no_content PASSED [ 13%]
tests/test_claude_code_display.py::TestToolDisplayModule::test_edit_tool_display_shows_diff PASSED [ 13%]
tests/test_claude_code_display.py::TestToolDisplayModule::test_bash_tool_display_shows_output PASSED [ 14%]
tests/test_claude_code_display.py::TestToolDisplayModule::test_glob_tool_display PASSED [ 14%]
tests/test_claude_code_display.py::TestToolDisplayModule::test_error_display PASSED [ 14%]
tests/test_claude_code_display.py::TestStreamingDisplay::test_streaming_import PASSED [ 14%]
tests/test_claude_code_display.py::TestStreamingDisplay::test_streaming_buffer PASSED [ 14%]
tests/test_claude_code_display.py::TestStatusLineDisplay::test_status_line_import PASSED [ 15%]
tests/test_claude_code_display.py::TestStatusLineDisplay::test_status_line_render PASSED [ 15%]
tests/test_cli_styles.py::TestColors::test_colors_is_color_scheme PASSED [ 15%]
tests/test_cli_styles.py::TestColors::test_primary_color PASSED          [ 15%]
tests/test_cli_styles.py::TestColors::test_color_scheme_has_all_colors PASSED [ 15%]
tests/test_cli_styles.py::TestColors::test_semantic_colors PASSED        [ 15%]
tests/test_cli_styles.py::TestColors::test_todo_colors PASSED            [ 16%]
tests/test_cli_styles.py::TestThemeManager::test_get_colors PASSED       [ 16%]
tests/test_cli_styles.py::TestThemeManager::test_default_theme_is_dark PASSED [ 16%]
tests/test_cli_styles.py::TestThemeManager::test_set_theme PASSED        [ 16%]
tests/test_cli_styles.py::TestThemeManager::test_toggle_theme PASSED     [ 16%]
tests/test_cli_styles.py::TestRichTheme::test_get_rich_theme PASSED      [ 16%]
tests/test_cli_styles.py::TestRichTheme::test_rich_theme_has_styles PASSED [ 17%]
tests/test_cli_styles.py::TestBoxStyles::test_box_styles_exist PASSED    [ 17%]
tests/test_cli_styles.py::TestBoxStyles::test_hcode_box PASSED           [ 17%]
tests/test_cli_styles.py::TestBoxStyles::test_get_default_box PASSED     [ 17%]
tests/test_cli_styles.py::TestLines::test_line_chars_exist PASSED        [ 17%]
tests/test_cli_styles.py::TestLines::test_horizontal_line PASSED         [ 17%]
tests/test_cli_styles.py::TestLines::test_separator_with_label PASSED    [ 18%]
tests/test_cli_styles.py::TestIcons::test_icons_instance PASSED          [ 18%]
tests/test_cli_styles.py::TestIcons::test_status_icons PASSED            [ 18%]
tests/test_cli_styles.py::TestIcons::test_todo_icons PASSED              [ 18%]
tests/test_cli_styles.py::TestIcons::test_get_status_icon PASSED         [ 18%]
tests/test_cli_styles.py::TestIcons::test_get_file_icon PASSED           [ 18%]
tests/test_cli_styles.py::TestIcons::test_get_tool_icon PASSED           [ 19%]
tests/test_cli_styles.py::TestSpinners::test_spinners_exist PASSED       [ 19%]
tests/test_cli_styles.py::TestStyledPanel::test_success_panel PASSED     [ 19%]
tests/test_cli_styles.py::TestStyledPanel::test_error_panel PASSED       [ 19%]
tests/test_cli_styles.py::TestStyledPanel::test_warning_panel PASSED     [ 19%]
tests/test_cli_styles.py::TestStyledPanel::test_info_panel PASSED        [ 19%]
tests/test_cli_styles.py::TestStyledPanel::test_thinking_panel PASSED    [ 20%]
tests/test_cli_styles.py::TestStyledPanel::test_code_panel PASSED        [ 20%]
tests/test_cli_styles.py::TestTodoDisplay::test_render_empty PASSED      [ 20%]
tests/test_cli_styles.py::TestTodoDisplay::test_render_todos PASSED      [ 20%]
tests/test_cli_styles.py::TestTodoDisplay::test_render_compact PASSED    [ 20%]
tests/test_cli_styles.py::TestHeader::test_render_header PASSED          [ 20%]
tests/test_cli_styles.py::TestHeader::test_render_minimal PASSED         [ 21%]
tests/test_cli_styles.py::TestFooter::test_render_footer PASSED          [ 21%]
tests/test_cli_styles.py::TestFooter::test_render_with_shortcuts PASSED  [ 21%]
tests/test_cli_styles.py::TestStatusLine::test_render_status PASSED      [ 21%]
tests/test_cli_styles.py::TestStatusLine::test_render_thinking_status PASSED [ 21%]
tests/test_cli_styles.py::TestPrompt::test_input_prompt PASSED           [ 21%]
tests/test_cli_styles.py::TestPrompt::test_continuation_prompt PASSED    [ 22%]
tests/test_cli_styles.py::TestPrompt::test_confirm_prompt PASSED         [ 22%]
tests/test_cli_styles.py::TestMessageDisplay::test_render_user PASSED    [ 22%]
tests/test_cli_styles.py::TestMessageDisplay::test_render_assistant PASSED [ 22%]
tests/test_cli_styles.py::TestMessageDisplay::test_render_with_thinking PASSED [ 22%]
tests/test_cli_styles.py::TestDiffDisplay::test_render_diff PASSED       [ 22%]
tests/test_cli_styles.py::TestDiffDisplay::test_render_simple_diff PASSED [ 23%]
tests/test_cli_styles.py::TestDiffDisplay::test_render_inline_diff PASSED [ 23%]
tests/test_cli_styles.py::TestFileTree::test_render_tree PASSED          [ 23%]
tests/test_cli_styles.py::TestSeparator::test_thin_separator PASSED      [ 23%]
tests/test_cli_styles.py::TestSeparator::test_separator_with_label PASSED [ 23%]
tests/test_cli_styles.py::TestConsole::test_console_exists PASSED        [ 23%]
tests/test_context_persistence.py::TestContextPersistence::test_messages_added_to_context PASSED [ 24%]
tests/test_context_persistence.py::TestContextPersistence::test_get_messages_returns_all_messages PASSED [ 24%]
tests/test_context_persistence.py::TestContextPersistence::test_context_persists_to_database FAILED [ 24%]

================================== FAILURES ===================================
__________ TestContextPersistence.test_context_persists_to_database ___________
tests\test_context_persistence.py:72: in test_context_persists_to_database
    assert len(cm2.context) == 2
E   assert 0 == 2
E    +  where 0 = len([])
E    +    where [] = <hcode.core.context.ContextManager object at 0x000001D6FD2996D0>.context
=========================== short test summary info ===========================
FAILED tests/test_context_persistence.py::TestContextPersistence::test_context_persists_to_database - assert 0 == 2
 +  where 0 = len([])
 +    where [] = <hcode.core.context.ContextManager object at 0x000001D6FD2996D0>.context
!!!!!!!!!!!!!!!!!!!!!!!!!! stopping after 1 failures !!!!!!!!!!!!!!!!!!!!!!!!!!
======================= 1 failed, 144 passed in 22.00s ========================
